======================================================================
寮€濮嬮獙璇佷慨澶嶄唬鐮?
======================================================================

妫€鏌?锛氶獙璇?processTypingBuffer 鍑芥暟涓殑鐘舵€佸悓姝ラ€昏緫
--------------------------------------------------
[PASS] 鎵惧埌 chats.find() 璋冪敤 - 鐘舵€佸悓姝ラ€昏緫瀛樺湪
[WARN] 鏈壘鍒?message.content 鏇存柊璇彞

妫€鏌?锛氶獙璇佹祦寮忚緭鍑哄畬鎴愬悗鐨勭姸鎬佷繚瀛?
--------------------------------------------------
[PASS] 鎵惧埌 renderMathInElement 璋冪敤浣嶇疆
[PASS] 鍦?renderMathInElement 鍚庢壘鍒?saveChats() 璋冪敤 - 鐘舵€佸凡鎸佷箙鍖?

妫€鏌?锛氶獙璇佹祦寮忓搷搴斿畬鎴愬悗鐨勬渶缁堢‘璁?
--------------------------------------------------
[INFO] 鏈壘鍒版祦寮忓搷搴斿畬鎴愬悗鐨勬渶缁堢‘璁や繚瀛橀€昏緫锛堝彲閫夛級

妫€鏌?锛氶獙璇佸師鏈夊姛鑳藉畬鏁存€?
--------------------------------------------------
[PASS] 鍙戦€佹秷鎭嚱鏁?(sendMessage) 瀛樺湪
[PASS] 娣诲姞娑堟伅鍑芥暟 (addMessage) 瀛樺湪
[PASS] 娓叉煋鑱婂ぉ鍑芥暟 (renderChat) 瀛樺湪
[PASS] 淇濆瓨鑱婂ぉ鍑芥暟 (saveChats) 瀛樺湪
[PASS] 鍔犺浇鑱婂ぉ鍑芥暟 (loadChats) 瀛樺湪
[PASS] 鍒涘缓鏂板璇濆嚱鏁?(createNewChat) 瀛樺湪
[PASS] 鍒囨崲瀵硅瘽鍑芥暟 (switchChat) 瀛樺湪
[PASS] 娣诲姞閿欓鏈嚱鏁?(handleAddToErrorBook) 瀛樺湪
[PASS] 璺宠繃閿欓鏈嚱鏁?(handleSkipErrorBook) 瀛樺湪

======================================================================
楠岃瘉缁撴灉姹囨€?
======================================================================

[WARNING] 閮ㄥ垎妫€鏌ユ湭閫氳繃锛岄渶瑕佽繘涓€姝ユ鏌?

